## xcodebuild -version
Xcode 26.6
Build version 17F113
exit=0

## xcode-select -p
/Applications/Xcode.app/Contents/Developer
exit=0

## xcrun macOS SDK
/Applications/Xcode.app/Contents/Developer/Platforms/MacOSX.platform/Developer/SDKs/MacOSX26.5.sdk
exit=0

## xcodebuild -checkFirstLaunchStatus
exit=69

## known CoreSimulator paths
/Library/Developer/PrivateFrameworks/CoreSimulator.framework absent
/Users/argus/Library/Developer/PrivateFrameworks/CoreSimulator.framework absent

## /Library/Developer/PrivateFrameworks directory
absent

## non-interactive administrator availability
sudo: a password is required
exit=1
