Command line invocation:
    /tmp/pdfreader-xcodebuild.p0gGik/xcodebuild -project PDFReader.xcodeproj -scheme PDFReader -configuration Debug -destination platform=macOS,arch=arm64 -derivedDataPath .build/xcode-derived CODE_SIGNING_ALLOWED=NO analyze

Build settings from command line:
    CODE_SIGNING_ALLOWED = NO

2026-07-22 14:14:06.915 xcodebuild[65802:280399900]  IDEDownloadableMetalToolchainCoordinator: Failed to remount the Metal Toolchain: No downloaded assets found: Failed querying assets for assetType (com.apple.MobileAsset.MetalToolchain), queryDict ({
}), installedOnly (1)
Resolve Package Graph


Resolved source packages:
  TOMLDecoder: https://github.com/dduan/TOMLDecoder.git @ 0.4.5

ComputePackagePrebuildTargetDependencyGraph

Prepare packages

CreateBuildRequest

SendProjectDescription

CreateBuildOperation

ComputeTargetDependencyGraph
note: Building targets in dependency order
note: Target dependency graph (8 targets)
    Target 'PDFReaderUITests' in project 'PDFReader'
        ➜ Explicit dependency on target 'PDFReaderApp' in project 'PDFReader'
    Target 'PDFReaderAppTests' in project 'PDFReader'
        ➜ Explicit dependency on target 'PDFReaderApp' in project 'PDFReader'
        ➜ Explicit dependency on target 'PDFReaderCore' in project 'PDFReader'
        ➜ Explicit dependency on target 'PDFReaderTestSupport' in project 'PDFReader'
    Target 'PDFReaderCoreTests' in project 'PDFReader'
        ➜ Explicit dependency on target 'PDFReaderCore' in project 'PDFReader'
    Target 'PDFReaderTestSupport' in project 'PDFReader'
        ➜ Explicit dependency on target 'PDFReaderCore' in project 'PDFReader'
    Target 'PDFReaderApp' in project 'PDFReader'
        ➜ Explicit dependency on target 'PDFReaderCore' in project 'PDFReader'
        ➜ Explicit dependency on target 'TOMLDecoder' in project 'TOMLDecoder'
    Target 'TOMLDecoder' in project 'TOMLDecoder'
        ➜ Explicit dependency on target 'TOMLDecoder' in project 'TOMLDecoder'
    Target 'TOMLDecoder' in project 'TOMLDecoder' (no dependencies)
    Target 'PDFReaderCore' in project 'PDFReader' (no dependencies)

GatherProvisioningInputs

CreateBuildDescription

ExecuteExternalTool /Applications/Xcode.app/Contents/Developer/Toolchains/XcodeDefault.xctoolchain/usr/bin/swiftc --version

ExecuteExternalTool /Applications/Xcode.app/Contents/Developer/Toolchains/XcodeDefault.xctoolchain/usr/bin/clang -v -E -dM -isysroot /Applications/Xcode.app/Contents/Developer/Platforms/MacOSX.platform/Developer/SDKs/MacOSX26.5.sdk -x c -c /dev/null

ExecuteExternalTool /Applications/Xcode.app/Contents/Developer/Toolchains/XcodeDefault.xctoolchain/usr/bin/ld -version_details

ReadFileContents /Applications/Xcode.app/Contents/Developer/Toolchains/XcodeDefault.xctoolchain/usr/share/docc/features.json

Build description signature: abd3091fcb18499aa4d27eec86ebc1a0
Build description path: /Users/argus/Programming/pdf-reader/.build/xcode-derived/Build/Intermediates.noindex/XCBuildData/abd3091fcb18499aa4d27eec86ebc1a0.xcbuilddata
ClangStatCache /Applications/Xcode.app/Contents/Developer/Toolchains/XcodeDefault.xctoolchain/usr/bin/clang-stat-cache /Applications/Xcode.app/Contents/Developer/Platforms/MacOSX.platform/Developer/SDKs/MacOSX26.5.sdk /Users/argus/Programming/pdf-reader/.build/xcode-derived/SDKStatCaches.noindex/macosx26.5-25F70-e082c4a02f00227109f4ed75e425c832.sdkstatcache
    cd /Users/argus/Programming/pdf-reader/PDFReader.xcodeproj
    /Applications/Xcode.app/Contents/Developer/Toolchains/XcodeDefault.xctoolchain/usr/bin/clang-stat-cache /Applications/Xcode.app/Contents/Developer/Platforms/MacOSX.platform/Developer/SDKs/MacOSX26.5.sdk -o /Users/argus/Programming/pdf-reader/.build/xcode-derived/SDKStatCaches.noindex/macosx26.5-25F70-e082c4a02f00227109f4ed75e425c832.sdkstatcache

ProcessInfoPlistFile /Users/argus/Programming/pdf-reader/.build/xcode-derived/Build/Products/Debug/PDFReaderCore.framework/Versions/A/Resources/Info.plist /Users/argus/Programming/pdf-reader/.build/xcode-derived/Build/Intermediates.noindex/PDFReader.build/Debug/PDFReaderCore.build/empty-PDFReaderCore.plist (in target 'PDFReaderCore' from project 'PDFReader')
    cd /Users/argus/Programming/pdf-reader
    builtin-infoPlistUtility /Users/argus/Programming/pdf-reader/.build/xcode-derived/Build/Intermediates.noindex/PDFReader.build/Debug/PDFReaderCore.build/empty-PDFReaderCore.plist -producttype com.apple.product-type.framework -expandbuildsettings -platform macosx -o /Users/argus/Programming/pdf-reader/.build/xcode-derived/Build/Products/Debug/PDFReaderCore.framework/Versions/A/Resources/Info.plist

ProcessInfoPlistFile /Users/argus/Programming/pdf-reader/.build/xcode-derived/Build/Products/Debug/PDFReaderCoreTests.xctest/Contents/Info.plist /Users/argus/Programming/pdf-reader/.build/xcode-derived/Build/Intermediates.noindex/PDFReader.build/Debug/PDFReaderCoreTests.build/empty-PDFReaderCoreTests.plist (in target 'PDFReaderCoreTests' from project 'PDFReader')
    cd /Users/argus/Programming/pdf-reader
    builtin-infoPlistUtility /Users/argus/Programming/pdf-reader/.build/xcode-derived/Build/Intermediates.noindex/PDFReader.build/Debug/PDFReaderCoreTests.build/empty-PDFReaderCoreTests.plist -producttype com.apple.product-type.bundle.unit-test -expandbuildsettings -platform macosx -o /Users/argus/Programming/pdf-reader/.build/xcode-derived/Build/Products/Debug/PDFReaderCoreTests.xctest/Contents/Info.plist

ProcessInfoPlistFile /Users/argus/Programming/pdf-reader/.build/xcode-derived/Build/Products/Debug/PDFReaderTestSupport.framework/Versions/A/Resources/Info.plist /Users/argus/Programming/pdf-reader/.build/xcode-derived/Build/Intermediates.noindex/PDFReader.build/Debug/PDFReaderTestSupport.build/empty-PDFReaderTestSupport.plist (in target 'PDFReaderTestSupport' from project 'PDFReader')
    cd /Users/argus/Programming/pdf-reader
    builtin-infoPlistUtility /Users/argus/Programming/pdf-reader/.build/xcode-derived/Build/Intermediates.noindex/PDFReader.build/Debug/PDFReaderTestSupport.build/empty-PDFReaderTestSupport.plist -producttype com.apple.product-type.framework -expandbuildsettings -platform macosx -o /Users/argus/Programming/pdf-reader/.build/xcode-derived/Build/Products/Debug/PDFReaderTestSupport.framework/Versions/A/Resources/Info.plist

ProcessInfoPlistFile /Users/argus/Programming/pdf-reader/.build/xcode-derived/Build/Products/Debug/PDFReader.app/Contents/Info.plist /Users/argus/Programming/pdf-reader/.build/xcode-derived/Build/Intermediates.noindex/PDFReader.build/Debug/PDFReaderApp.build/empty-PDFReader.plist (in target 'PDFReaderApp' from project 'PDFReader')
    cd /Users/argus/Programming/pdf-reader
    builtin-infoPlistUtility /Users/argus/Programming/pdf-reader/.build/xcode-derived/Build/Intermediates.noindex/PDFReader.build/Debug/PDFReaderApp.build/empty-PDFReader.plist -producttype com.apple.product-type.application -genpkginfo /Users/argus/Programming/pdf-reader/.build/xcode-derived/Build/Products/Debug/PDFReader.app/Contents/PkgInfo -expandbuildsettings -platform macosx -scanforprivacyfile /Users/argus/Programming/pdf-reader/.build/xcode-derived/Build/Products/Debug/PDFReader.app/Contents/Frameworks/PDFReaderCore.framework -o /Users/argus/Programming/pdf-reader/.build/xcode-derived/Build/Products/Debug/PDFReader.app/Contents/Info.plist

CopySwiftLibs /Users/argus/Programming/pdf-reader/.build/xcode-derived/Build/Products/Debug/PDFReaderCoreTests.xctest (in target 'PDFReaderCoreTests' from project 'PDFReader')
    cd /Users/argus/Programming/pdf-reader
    builtin-swiftStdLibTool --copy --verbose --scan-executable /Users/argus/Programming/pdf-reader/.build/xcode-derived/Build/Products/Debug/PDFReaderCoreTests.xctest/Contents/MacOS/PDFReaderCoreTests --scan-folder /Users/argus/Programming/pdf-reader/.build/xcode-derived/Build/Products/Debug/PDFReaderCoreTests.xctest/Contents/Frameworks --scan-folder /Users/argus/Programming/pdf-reader/.build/xcode-derived/Build/Products/Debug/PDFReaderCoreTests.xctest/Contents/PlugIns --scan-folder /Users/argus/Programming/pdf-reader/.build/xcode-derived/Build/Products/Debug/PDFReaderCoreTests.xctest/Contents/Library/SystemExtensions --scan-folder /Users/argus/Programming/pdf-reader/.build/xcode-derived/Build/Products/Debug/PDFReaderCoreTests.xctest/Contents/Extensions --scan-folder /Users/argus/Programming/pdf-reader/.build/xcode-derived/Build/Products/Debug/PDFReaderCore.framework --platform macosx --toolchain /Applications/Xcode.app/Contents/Developer/Toolchains/XcodeDefault.xctoolchain --destination /Users/argus/Programming/pdf-reader/.build/xcode-derived/Build/Products/Debug/PDFReaderCoreTests.xctest/Contents/Frameworks --strip-bitcode --scan-executable /Applications/Xcode.app/Contents/Developer/Platforms/MacOSX.platform/Developer/usr/lib/libXCTestSwiftSupport.dylib --strip-bitcode-tool /Applications/Xcode.app/Contents/Developer/Toolchains/XcodeDefault.xctoolchain/usr/bin/bitcode_strip --emit-dependency-info /Users/argus/Programming/pdf-reader/.build/xcode-derived/Build/Intermediates.noindex/PDFReader.build/Debug/PDFReaderCoreTests.build/SwiftStdLibToolInputDependencies.dep --filter-for-swift-os --back-deploy-swift-span
Ignoring --strip-bitcode because --sign was not passed

ProcessInfoPlistFile /Users/argus/Programming/pdf-reader/.build/xcode-derived/Build/Products/Debug/PDFReader.app/Contents/PlugIns/PDFReaderAppTests.xctest/Contents/Info.plist /Users/argus/Programming/pdf-reader/.build/xcode-derived/Build/Intermediates.noindex/PDFReader.build/Debug/PDFReaderAppTests.build/empty-PDFReaderAppTests.plist (in target 'PDFReaderAppTests' from project 'PDFReader')
    cd /Users/argus/Programming/pdf-reader
    builtin-infoPlistUtility /Users/argus/Programming/pdf-reader/.build/xcode-derived/Build/Intermediates.noindex/PDFReader.build/Debug/PDFReaderAppTests.build/empty-PDFReaderAppTests.plist -producttype com.apple.product-type.bundle.unit-test -expandbuildsettings -platform macosx -o /Users/argus/Programming/pdf-reader/.build/xcode-derived/Build/Products/Debug/PDFReader.app/Contents/PlugIns/PDFReaderAppTests.xctest/Contents/Info.plist

CopySwiftLibs /Users/argus/Programming/pdf-reader/.build/xcode-derived/Build/Products/Debug/PDFReader.app/Contents/PlugIns/PDFReaderAppTests.xctest (in target 'PDFReaderAppTests' from project 'PDFReader')
    cd /Users/argus/Programming/pdf-reader
    builtin-swiftStdLibTool --copy --verbose --scan-executable /Users/argus/Programming/pdf-reader/.build/xcode-derived/Build/Products/Debug/PDFReader.app/Contents/PlugIns/PDFReaderAppTests.xctest/Contents/MacOS/PDFReaderAppTests --scan-folder /Users/argus/Programming/pdf-reader/.build/xcode-derived/Build/Products/Debug/PDFReader.app/Contents/PlugIns/PDFReaderAppTests.xctest/Contents/Frameworks --scan-folder /Users/argus/Programming/pdf-reader/.build/xcode-derived/Build/Products/Debug/PDFReader.app/Contents/PlugIns/PDFReaderAppTests.xctest/Contents/PlugIns --scan-folder /Users/argus/Programming/pdf-reader/.build/xcode-derived/Build/Products/Debug/PDFReader.app/Contents/PlugIns/PDFReaderAppTests.xctest/Contents/Library/SystemExtensions --scan-folder /Users/argus/Programming/pdf-reader/.build/xcode-derived/Build/Products/Debug/PDFReader.app/Contents/PlugIns/PDFReaderAppTests.xctest/Contents/Extensions --scan-folder /Users/argus/Programming/pdf-reader/.build/xcode-derived/Build/Products/Debug/PDFReaderCore.framework --scan-folder /Users/argus/Programming/pdf-reader/.build/xcode-derived/Build/Products/Debug/PDFReaderTestSupport.framework --platform macosx --toolchain /Applications/Xcode.app/Contents/Developer/Toolchains/XcodeDefault.xctoolchain --destination /Users/argus/Programming/pdf-reader/.build/xcode-derived/Build/Products/Debug/PDFReader.app/Contents/PlugIns/PDFReaderAppTests.xctest/Contents/Frameworks --strip-bitcode --scan-executable /Applications/Xcode.app/Contents/Developer/Platforms/MacOSX.platform/Developer/usr/lib/libXCTestSwiftSupport.dylib --strip-bitcode-tool /Applications/Xcode.app/Contents/Developer/Toolchains/XcodeDefault.xctoolchain/usr/bin/bitcode_strip --emit-dependency-info /Users/argus/Programming/pdf-reader/.build/xcode-derived/Build/Intermediates.noindex/PDFReader.build/Debug/PDFReaderAppTests.build/SwiftStdLibToolInputDependencies.dep --filter-for-swift-os --back-deploy-swift-span
Ignoring --strip-bitcode because --sign was not passed

Validate /Users/argus/Programming/pdf-reader/.build/xcode-derived/Build/Products/Debug/PDFReader.app (in target 'PDFReaderApp' from project 'PDFReader')
    cd /Users/argus/Programming/pdf-reader
    builtin-validationUtility /Users/argus/Programming/pdf-reader/.build/xcode-derived/Build/Products/Debug/PDFReader.app -no-validate-extension -infoplist-subpath Contents/Info.plist

RegisterWithLaunchServices /Users/argus/Programming/pdf-reader/.build/xcode-derived/Build/Products/Debug/PDFReader.app (in target 'PDFReaderApp' from project 'PDFReader')
    cd /Users/argus/Programming/pdf-reader
    /System/Library/Frameworks/CoreServices.framework/Versions/Current/Frameworks/LaunchServices.framework/Versions/Current/Support/lsregister -f -R -trusted /Users/argus/Programming/pdf-reader/.build/xcode-derived/Build/Products/Debug/PDFReader.app

ProcessInfoPlistFile /Users/argus/Programming/pdf-reader/.build/xcode-derived/Build/Products/Debug/PDFReaderUITests-Runner.app/Contents/PlugIns/PDFReaderUITests.xctest/Contents/Info.plist /Users/argus/Programming/pdf-reader/.build/xcode-derived/Build/Intermediates.noindex/PDFReader.build/Debug/PDFReaderUITests.build/empty-PDFReaderUITests.plist (in target 'PDFReaderUITests' from project 'PDFReader')
    cd /Users/argus/Programming/pdf-reader
    builtin-infoPlistUtility /Users/argus/Programming/pdf-reader/.build/xcode-derived/Build/Intermediates.noindex/PDFReader.build/Debug/PDFReaderUITests.build/empty-PDFReaderUITests.plist -producttype com.apple.product-type.bundle.ui-testing -expandbuildsettings -platform macosx -additionalcontentfile /Users/argus/Programming/pdf-reader/.build/xcode-derived/Build/Intermediates.noindex/PDFReader.build/Debug/PDFReaderUITests.build/ProductTypeInfoPlistAdditions.plist -o /Users/argus/Programming/pdf-reader/.build/xcode-derived/Build/Products/Debug/PDFReaderUITests-Runner.app/Contents/PlugIns/PDFReaderUITests.xctest/Contents/Info.plist

** ANALYZE SUCCEEDED **

