.gitignore: OK
CONFIG.md: OK
PDFReader.xcodeproj/project.pbxproj: OK
PDFReader.xcodeproj/project.xcworkspace/xcshareddata/swiftpm/Package.resolved: OK
PDFReader.xcodeproj/xcshareddata/xcschemes/PDFReader.xcscheme: OK
PDFReaderApp/App/ActionDispatcher.swift: OK
PDFReaderApp/App/ApplicationController.swift: OK
PDFReaderApp/AppDelegate.swift: OK
PDFReaderApp/Config/ConfigFileSource.swift: OK
PDFReaderApp/Config/ConfigService.swift: OK
PDFReaderApp/Config/TOMLConfigDecoder.swift: OK
PDFReaderApp/Info.plist: OK
PDFReaderApp/Input/AppKitKeyEventAdapter.swift: OK
PDFReaderApp/Input/ReaderInputRouter.swift: OK
PDFReaderApp/Input/ReaderPDFView.swift: OK
PDFReaderApp/Menu/ValidatedMenuBuilder.swift: OK
PDFReaderApp/Reader/PDFCapabilityPolicy.swift: OK
PDFReaderApp/Reader/PDFOpenService.swift: OK
PDFReaderApp/Reader/PDFViewController.swift: OK
PDFReaderApp/Reader/ReaderSearchCoordinator.swift: OK
PDFReaderApp/Reader/ReaderSession.swift: OK
PDFReaderApp/Reader/ReaderSessionStore.swift: OK
PDFReaderApp/Resources/DefaultConfig.toml: OK
PDFReaderApp/Theme/AppKitTheme.swift: OK
PDFReaderApp/Theme/ThemeAttributions.md: OK
PDFReaderApp/Theme/ThemeAttributions.swift: OK
PDFReaderApp/Window/EmptyStateView.swift: OK
PDFReaderApp/Window/MainWindowController.swift: OK
PDFReaderApp/Window/PromptOverlayView.swift: OK
PDFReaderApp/Window/ReaderRootView.swift: OK
PDFReaderApp/Window/ReaderWindow.swift: OK
PDFReaderApp/Window/StatusBarView.swift: OK
PDFReaderApp/Window/TabBarView.swift: OK
PDFReaderApp/Window/WindowVisualMetrics.swift: OK
PDFReaderAppTests/ActionDispatcherTests.swift: OK
PDFReaderAppTests/AppKitKeyEventAdapterTests.swift: OK
PDFReaderAppTests/ApplicationControllerTests.swift: OK
PDFReaderAppTests/ConfigLoadingTests.swift: OK
PDFReaderAppTests/PDFCapabilityPolicyTests.swift: OK
PDFReaderAppTests/PDFOpenServiceTests.swift: OK
PDFReaderAppTests/ProductScopeTests.swift: OK
PDFReaderAppTests/ReadOnlyBoundaryTests.swift: OK
PDFReaderAppTests/ReaderInputRouterTests.swift: OK
PDFReaderAppTests/ReaderSearchCoordinatorTests.swift: OK
PDFReaderAppTests/ReaderSearchWorkflowTests.swift: OK
PDFReaderAppTests/ReaderSessionStoreTests.swift: OK
PDFReaderAppTests/ReaderSessionTests.swift: OK
PDFReaderAppTests/ScaffoldAppTests.swift: OK
PDFReaderAppTests/ThemeAndShellTests.swift: OK
PDFReaderAppTests/ValidatedMenuBuilderTests.swift: OK
PDFReaderCore/Actions/ActionBindingPolicy.swift: OK
PDFReaderCore/Actions/ActionDescriptor.swift: OK
PDFReaderCore/Actions/ActionDispatcherProtocol.swift: OK
PDFReaderCore/Actions/ActionID.swift: OK
PDFReaderCore/Actions/ActionRegistry.swift: OK
PDFReaderCore/Actions/ActionSurfaceRegistry.swift: OK
PDFReaderCore/Actions/MenuEquivalentPolicy.swift: OK
PDFReaderCore/Config/BuiltInDefaults.swift: OK
PDFReaderCore/Config/ConfigDecoder.swift: OK
PDFReaderCore/Config/ConfigDiagnostic.swift: OK
PDFReaderCore/Config/ConfigDocumentation.swift: OK
PDFReaderCore/Config/ConfigValidator.swift: OK
PDFReaderCore/Config/EffectiveAppConfig.swift: OK
PDFReaderCore/Config/SparseAppConfig.swift: OK
PDFReaderCore/CoreVersion.swift: OK
PDFReaderCore/Input/InputContext.swift: OK
PDFReaderCore/Input/KeySequence.swift: OK
PDFReaderCore/Input/KeySequenceEngine.swift: OK
PDFReaderCore/Input/KeySequenceParser.swift: OK
PDFReaderCore/Input/KeySequenceTrie.swift: OK
PDFReaderCore/Input/KeyToken.swift: OK
PDFReaderCore/Input/PageNumberInputBuffer.swift: OK
PDFReaderCore/Input/PromptNativeReservationV1.swift: OK
PDFReaderCore/Input/PromptSafeBindingPredicate.swift: OK
PDFReaderCore/Input/SystemKeyReservationV1.swift: OK
PDFReaderCore/Tabs/TabStore.swift: OK
PDFReaderCore/Theme/BuiltInThemes.swift: OK
PDFReaderCore/Theme/Theme.swift: OK
PDFReaderCoreTests/ActionRegistryTests.swift: OK
PDFReaderCoreTests/BuiltInDefaultsTests.swift: OK
PDFReaderCoreTests/ConfigValidatorTests.swift: OK
PDFReaderCoreTests/KeyGrammarAndPromptSafetyTests.swift: OK
PDFReaderCoreTests/KeySequenceEngineTests.swift: OK
PDFReaderCoreTests/ScaffoldTests.swift: OK
PDFReaderCoreTests/Snapshots/PromptNativeReservationV1.txt: OK
PDFReaderCoreTests/Snapshots/SystemKeyReservationV1.txt: OK
PDFReaderCoreTests/TabStoreTests.swift: OK
PDFReaderTestSupport/PDFFixtureFactory.swift: OK
PDFReaderTestSupport/TestFixtureMarker.swift: OK
PDFReaderUITests/ReaderWorkflowUITests.swift: OK
PDFReaderUITests/ScaffoldUITests.swift: OK
Package.resolved: OK
Package.swift: OK
README.md: OK
Spikes/Step0/Sources/Runner/main.swift: OK
Spikes/Step0/Sources/Support/InputAndMenuProbe.swift: OK
Spikes/Step0/Sources/Support/PDFCapabilityProbe.swift: OK
Spikes/Step0/Sources/Support/PDFFixtureFactory.swift: OK
Spikes/Step0/Sources/Support/ProbeResult.swift: OK
Spikes/Step0/Sources/Support/ResponderPromptProbe.swift: OK
Spikes/Step0/Sources/Support/SearchProbe.swift: OK
Spikes/Step0/Sources/Support/Step0ProbeRunner.swift: OK
Spikes/Step0/Sources/Support/TOMLQualificationProbe.swift: OK
Spikes/Step0/Tests/InputPolicyTests.swift: OK
Tools/generate_xcode_project.py: OK
Tools/validate_xcode_project.py: OK
docs/CONFIG.md: OK
docs/README.md: OK
