Command line invocation:
    /tmp/pdfreader-xcodebuild.p0gGik/xcodebuild -project PDFReader.xcodeproj -scheme PDFReader -derivedDataPath .build/xcode-derived -destination platform=macOS,arch=arm64 CODE_SIGNING_ALLOWED=NO -configuration Debug build

Build settings from command line:
    CODE_SIGNING_ALLOWED = NO

2026-07-22 13:46:48.207 xcodebuild[60042:280254185]  IDEDownloadableMetalToolchainCoordinator: Failed to remount the Metal Toolchain: No downloaded assets found: Failed querying assets for assetType (com.apple.MobileAsset.MetalToolchain), queryDict ({
}), installedOnly (1)
Resolve Package Graph


Resolved source packages:
  TOMLDecoder: https://github.com/dduan/TOMLDecoder.git @ 0.4.5

ComputePackagePrebuildTargetDependencyGraph

Prepare packages

CreateBuildRequest

SendProjectDescription

CreateBuildOperation

ComputeTargetDependencyGraph
note: Building targets in dependency order
note: Target dependency graph (4 targets)
    Target 'PDFReaderApp' in project 'PDFReader'
        ➜ Explicit dependency on target 'PDFReaderCore' in project 'PDFReader'
        ➜ Explicit dependency on target 'TOMLDecoder' in project 'TOMLDecoder'
    Target 'TOMLDecoder' in project 'TOMLDecoder'
        ➜ Explicit dependency on target 'TOMLDecoder' in project 'TOMLDecoder'
    Target 'TOMLDecoder' in project 'TOMLDecoder' (no dependencies)
    Target 'PDFReaderCore' in project 'PDFReader' (no dependencies)

GatherProvisioningInputs

CreateBuildDescription

ExecuteExternalTool /Applications/Xcode.app/Contents/Developer/Toolchains/XcodeDefault.xctoolchain/usr/bin/swiftc --version

ExecuteExternalTool /Applications/Xcode.app/Contents/Developer/Toolchains/XcodeDefault.xctoolchain/usr/bin/clang -v -E -dM -isysroot /Applications/Xcode.app/Contents/Developer/Platforms/MacOSX.platform/Developer/SDKs/MacOSX26.5.sdk -x c -c /dev/null

ExecuteExternalTool /Applications/Xcode.app/Contents/Developer/Toolchains/XcodeDefault.xctoolchain/usr/bin/ld -version_details

ReadFileContents /Applications/Xcode.app/Contents/Developer/Toolchains/XcodeDefault.xctoolchain/usr/share/docc/features.json

Build description signature: 90abc8a9c844f905504545fc7835856a
Build description path: /Users/argus/Programming/pdf-reader/.build/xcode-derived/Build/Intermediates.noindex/XCBuildData/90abc8a9c844f905504545fc7835856a.xcbuilddata
ClangStatCache /Applications/Xcode.app/Contents/Developer/Toolchains/XcodeDefault.xctoolchain/usr/bin/clang-stat-cache /Applications/Xcode.app/Contents/Developer/Platforms/MacOSX.platform/Developer/SDKs/MacOSX26.5.sdk /Users/argus/Programming/pdf-reader/.build/xcode-derived/SDKStatCaches.noindex/macosx26.5-25F70-e082c4a02f00227109f4ed75e425c832.sdkstatcache
    cd /Users/argus/Programming/pdf-reader/PDFReader.xcodeproj
    /Applications/Xcode.app/Contents/Developer/Toolchains/XcodeDefault.xctoolchain/usr/bin/clang-stat-cache /Applications/Xcode.app/Contents/Developer/Platforms/MacOSX.platform/Developer/SDKs/MacOSX26.5.sdk -o /Users/argus/Programming/pdf-reader/.build/xcode-derived/SDKStatCaches.noindex/macosx26.5-25F70-e082c4a02f00227109f4ed75e425c832.sdkstatcache

ProcessInfoPlistFile /Users/argus/Programming/pdf-reader/.build/xcode-derived/Build/Products/Debug/PDFReaderCore.framework/Versions/A/Resources/Info.plist /Users/argus/Programming/pdf-reader/.build/xcode-derived/Build/Intermediates.noindex/PDFReader.build/Debug/PDFReaderCore.build/empty-PDFReaderCore.plist (in target 'PDFReaderCore' from project 'PDFReader')
    cd /Users/argus/Programming/pdf-reader
    builtin-infoPlistUtility /Users/argus/Programming/pdf-reader/.build/xcode-derived/Build/Intermediates.noindex/PDFReader.build/Debug/PDFReaderCore.build/empty-PDFReaderCore.plist -producttype com.apple.product-type.framework -expandbuildsettings -platform macosx -o /Users/argus/Programming/pdf-reader/.build/xcode-derived/Build/Products/Debug/PDFReaderCore.framework/Versions/A/Resources/Info.plist

ProcessInfoPlistFile /Users/argus/Programming/pdf-reader/.build/xcode-derived/Build/Products/Debug/PDFReader.app/Contents/Info.plist /Users/argus/Programming/pdf-reader/.build/xcode-derived/Build/Intermediates.noindex/PDFReader.build/Debug/PDFReaderApp.build/empty-PDFReader.plist (in target 'PDFReaderApp' from project 'PDFReader')
    cd /Users/argus/Programming/pdf-reader
    builtin-infoPlistUtility /Users/argus/Programming/pdf-reader/.build/xcode-derived/Build/Intermediates.noindex/PDFReader.build/Debug/PDFReaderApp.build/empty-PDFReader.plist -producttype com.apple.product-type.application -genpkginfo /Users/argus/Programming/pdf-reader/.build/xcode-derived/Build/Products/Debug/PDFReader.app/Contents/PkgInfo -expandbuildsettings -platform macosx -scanforprivacyfile /Users/argus/Programming/pdf-reader/.build/xcode-derived/Build/Products/Debug/PDFReader.app/Contents/Frameworks/PDFReaderCore.framework -o /Users/argus/Programming/pdf-reader/.build/xcode-derived/Build/Products/Debug/PDFReader.app/Contents/Info.plist

CopySwiftLibs /Users/argus/Programming/pdf-reader/.build/xcode-derived/Build/Products/Debug/PDFReader.app (in target 'PDFReaderApp' from project 'PDFReader')
    cd /Users/argus/Programming/pdf-reader
    builtin-swiftStdLibTool --copy --verbose --scan-executable /Users/argus/Programming/pdf-reader/.build/xcode-derived/Build/Products/Debug/PDFReader.app/Contents/MacOS/PDFReader.debug.dylib --scan-folder /Users/argus/Programming/pdf-reader/.build/xcode-derived/Build/Products/Debug/PDFReader.app/Contents/Frameworks --scan-folder /Users/argus/Programming/pdf-reader/.build/xcode-derived/Build/Products/Debug/PDFReader.app/Contents/PlugIns --scan-folder /Users/argus/Programming/pdf-reader/.build/xcode-derived/Build/Products/Debug/PDFReader.app/Contents/Library/SystemExtensions --scan-folder /Users/argus/Programming/pdf-reader/.build/xcode-derived/Build/Products/Debug/PDFReader.app/Contents/Extensions --scan-folder /Users/argus/Programming/pdf-reader/.build/xcode-derived/Build/Products/Debug/PDFReaderCore.framework --platform macosx --toolchain /Applications/Xcode.app/Contents/Developer/Toolchains/XcodeDefault.xctoolchain --destination /Users/argus/Programming/pdf-reader/.build/xcode-derived/Build/Products/Debug/PDFReader.app/Contents/Frameworks --strip-bitcode --strip-bitcode-tool /Applications/Xcode.app/Contents/Developer/Toolchains/XcodeDefault.xctoolchain/usr/bin/bitcode_strip --emit-dependency-info /Users/argus/Programming/pdf-reader/.build/xcode-derived/Build/Intermediates.noindex/PDFReader.build/Debug/PDFReaderApp.build/SwiftStdLibToolInputDependencies.dep --filter-for-swift-os --back-deploy-swift-span
Ignoring --strip-bitcode because --sign was not passed

Validate /Users/argus/Programming/pdf-reader/.build/xcode-derived/Build/Products/Debug/PDFReader.app (in target 'PDFReaderApp' from project 'PDFReader')
    cd /Users/argus/Programming/pdf-reader
    builtin-validationUtility /Users/argus/Programming/pdf-reader/.build/xcode-derived/Build/Products/Debug/PDFReader.app -no-validate-extension -infoplist-subpath Contents/Info.plist

RegisterWithLaunchServices /Users/argus/Programming/pdf-reader/.build/xcode-derived/Build/Products/Debug/PDFReader.app (in target 'PDFReaderApp' from project 'PDFReader')
    cd /Users/argus/Programming/pdf-reader
    /System/Library/Frameworks/CoreServices.framework/Versions/Current/Frameworks/LaunchServices.framework/Versions/Current/Support/lsregister -f -R -trusted /Users/argus/Programming/pdf-reader/.build/xcode-derived/Build/Products/Debug/PDFReader.app

note: Removed stale file '/Users/argus/Programming/pdf-reader/.build/xcode-derived/Build/Products/Debug/PDFReader.app/Contents/Frameworks/Testing.framework'

note: Removed stale file '/Users/argus/Programming/pdf-reader/.build/xcode-derived/Build/Products/Debug/PDFReader.app/Contents/Frameworks/XCTAutomationSupport.framework'

note: Removed stale file '/Users/argus/Programming/pdf-reader/.build/xcode-derived/Build/Products/Debug/PDFReader.app/Contents/Frameworks/XCTest.framework'

note: Removed stale file '/Users/argus/Programming/pdf-reader/.build/xcode-derived/Build/Products/Debug/PDFReader.app/Contents/Frameworks/XCTestCore.framework'

note: Removed stale file '/Users/argus/Programming/pdf-reader/.build/xcode-derived/Build/Products/Debug/PDFReader.app/Contents/Frameworks/XCTestSupport.framework'

note: Removed stale file '/Users/argus/Programming/pdf-reader/.build/xcode-derived/Build/Products/Debug/PDFReader.app/Contents/Frameworks/XCUIAutomation.framework'

note: Removed stale file '/Users/argus/Programming/pdf-reader/.build/xcode-derived/Build/Products/Debug/PDFReader.app/Contents/Frameworks/XCUnit.framework'

note: Removed stale file '/Users/argus/Programming/pdf-reader/.build/xcode-derived/Build/Products/Debug/PDFReader.app/Contents/Frameworks/libXCTestBundleInject.dylib'

note: Removed stale file '/Users/argus/Programming/pdf-reader/.build/xcode-derived/Build/Products/Debug/PDFReader.app/Contents/Frameworks/libXCTestSwiftSupport.dylib'

note: Removed stale file '/Users/argus/Programming/pdf-reader/.build/xcode-derived/Build/Products/Debug/PDFReader.app/Contents/PlugIns'

** BUILD SUCCEEDED **

