2026-07-22 13:00:59.008 xcodebuild[93586:280033993] CoreSimulatorService connection interrupted.  Resubscribing to notifications.
2026-07-22 13:00:59.008 xcodebuild[93586:280033927] Logging connection interrupted: <OS_xpc_error: <dictionary: 0x1f6541508> { count = 1, transaction: 0, voucher = 0x0, contents =
	"XPCErrorDescription" => <string: 0x1f6541670> { string cache = 0x0, length = 22, contents = "Connection interrupted" }
}>
[-[SimServiceContext initWithDeveloperDir:connectionType:error:]:432] WARN  : Unable to discover any Simulator runtimes. Developer Directory is /Applications/Xcode.app/Contents/Developer.
[-[SimServiceContext initWithDeveloperDir:connectionType:error:]:428] WARN  : Unable to discover any Simulator device types. Developer Directory is /Applications/Xcode.app/Contents/Developer.
Command line invocation:
    /tmp/pdfreader-xcodebuild.p0gGik/xcodebuild -list -project PDFReader.xcodeproj

2026-07-22 13:00:59.128 xcodebuild[93586:280033998]  IDEDownloadableMetalToolchainCoordinator: Failed to remount the Metal Toolchain: No downloaded assets found: Failed querying assets for assetType (com.apple.MobileAsset.MetalToolchain), queryDict ({
}), installedOnly (1)
Resolve Package Graph


Resolved source packages:
  TOMLDecoder: https://github.com/dduan/TOMLDecoder.git @ 0.4.5

Information about project "PDFReader":
    Targets:
        PDFReaderCore
        PDFReaderApp
        PDFReaderTestSupport
        PDFReaderCoreTests
        PDFReaderAppTests
        PDFReaderUITests

    Build Configurations:
        Debug
        Release

    If no build configuration is specified and -scheme is not passed then "Release" is used.

    Schemes:
        PDFReader

