Command line invocation:
    /tmp/pdfreader-xcodebuild.p0gGik/xcodebuild -project PDFReader.xcodeproj -scheme PDFReader -configuration Release -destination generic/platform=macOS -derivedDataPath .build/xcode-step6-release "ARCHS=arm64 x86_64" ONLY_ACTIVE_ARCH=NO CODE_SIGNING_ALLOWED=NO build

Build settings from command line:
    ARCHS = arm64 x86_64
    CODE_SIGNING_ALLOWED = NO
    ONLY_ACTIVE_ARCH = NO

2026-07-22 14:31:50.161 xcodebuild[31508:280489016]  IDEDownloadableMetalToolchainCoordinator: Failed to remount the Metal Toolchain: No downloaded assets found: Failed querying assets for assetType (com.apple.MobileAsset.MetalToolchain), queryDict ({
}), installedOnly (1)
Resolve Package Graph


Resolved source packages:
  TOMLDecoder: https://github.com/dduan/TOMLDecoder.git @ 0.4.5

ComputePackagePrebuildTargetDependencyGraph

Prepare packages

CreateBuildRequest

SendProjectDescription

CreateBuildOperation

ComputeTargetDependencyGraph
note: Building targets in dependency order
note: Target dependency graph (4 targets)
    Target 'PDFReaderApp' in project 'PDFReader'
        ➜ Explicit dependency on target 'PDFReaderCore' in project 'PDFReader'
        ➜ Explicit dependency on target 'TOMLDecoder' in project 'TOMLDecoder'
    Target 'TOMLDecoder' in project 'TOMLDecoder'
        ➜ Explicit dependency on target 'TOMLDecoder' in project 'TOMLDecoder'
    Target 'TOMLDecoder' in project 'TOMLDecoder' (no dependencies)
    Target 'PDFReaderCore' in project 'PDFReader' (no dependencies)

GatherProvisioningInputs

CreateBuildDescription

ExecuteExternalTool /Applications/Xcode.app/Contents/Developer/Toolchains/XcodeDefault.xctoolchain/usr/bin/clang -v -E -dM -isysroot /Applications/Xcode.app/Contents/Developer/Platforms/MacOSX.platform/Developer/SDKs/MacOSX26.5.sdk -x c -c /dev/null

ExecuteExternalTool /Applications/Xcode.app/Contents/Developer/Toolchains/XcodeDefault.xctoolchain/usr/bin/swiftc --version

ExecuteExternalTool /Applications/Xcode.app/Contents/Developer/Toolchains/XcodeDefault.xctoolchain/usr/bin/ld -version_details

ReadFileContents /Applications/Xcode.app/Contents/Developer/Toolchains/XcodeDefault.xctoolchain/usr/share/docc/features.json

Build description signature: 595409afdde264113de348109b7a56d4
Build description path: /Users/argus/Programming/pdf-reader/.build/xcode-step6-release/Build/Intermediates.noindex/XCBuildData/595409afdde264113de348109b7a56d4.xcbuilddata
ClangStatCache /Applications/Xcode.app/Contents/Developer/Toolchains/XcodeDefault.xctoolchain/usr/bin/clang-stat-cache /Applications/Xcode.app/Contents/Developer/Platforms/MacOSX.platform/Developer/SDKs/MacOSX26.5.sdk /Users/argus/Programming/pdf-reader/.build/xcode-step6-release/SDKStatCaches.noindex/macosx26.5-25F70-e082c4a02f00227109f4ed75e425c832.sdkstatcache
    cd /Users/argus/Programming/pdf-reader/PDFReader.xcodeproj
    /Applications/Xcode.app/Contents/Developer/Toolchains/XcodeDefault.xctoolchain/usr/bin/clang-stat-cache /Applications/Xcode.app/Contents/Developer/Platforms/MacOSX.platform/Developer/SDKs/MacOSX26.5.sdk -o /Users/argus/Programming/pdf-reader/.build/xcode-step6-release/SDKStatCaches.noindex/macosx26.5-25F70-e082c4a02f00227109f4ed75e425c832.sdkstatcache

ProcessInfoPlistFile /Users/argus/Programming/pdf-reader/.build/xcode-step6-release/Build/Products/Release/PDFReaderCore.framework/Versions/A/Resources/Info.plist /Users/argus/Programming/pdf-reader/.build/xcode-step6-release/Build/Intermediates.noindex/PDFReader.build/Release/PDFReaderCore.build/empty-PDFReaderCore.plist (in target 'PDFReaderCore' from project 'PDFReader')
    cd /Users/argus/Programming/pdf-reader
    builtin-infoPlistUtility /Users/argus/Programming/pdf-reader/.build/xcode-step6-release/Build/Intermediates.noindex/PDFReader.build/Release/PDFReaderCore.build/empty-PDFReaderCore.plist -producttype com.apple.product-type.framework -expandbuildsettings -platform macosx -o /Users/argus/Programming/pdf-reader/.build/xcode-step6-release/Build/Products/Release/PDFReaderCore.framework/Versions/A/Resources/Info.plist

note: Removed stale file '/Users/argus/Programming/pdf-reader/.build/xcode-step6-release/Build/Products/Release/PDFReader.app/Contents/Resources/Info.plist'

Copy /Users/argus/Programming/pdf-reader/.build/xcode-step6-release/Build/Products/Release/PDFReader.app/Contents/Frameworks/PDFReaderCore.framework /Users/argus/Programming/pdf-reader/.build/xcode-step6-release/Build/Products/Release/PDFReaderCore.framework (in target 'PDFReaderApp' from project 'PDFReader')
    cd /Users/argus/Programming/pdf-reader
    builtin-copy -exclude .DS_Store -exclude CVS -exclude .svn -exclude .git -exclude .hg -exclude Headers -exclude PrivateHeaders -exclude Modules -exclude \*.tbd -resolve-src-symlinks -remove-static-executable /Users/argus/Programming/pdf-reader/.build/xcode-step6-release/Build/Products/Release/PDFReaderCore.framework /Users/argus/Programming/pdf-reader/.build/xcode-step6-release/Build/Products/Release/PDFReader.app/Contents/Frameworks

CopySwiftLibs /Users/argus/Programming/pdf-reader/.build/xcode-step6-release/Build/Products/Release/PDFReader.app (in target 'PDFReaderApp' from project 'PDFReader')
    cd /Users/argus/Programming/pdf-reader
    builtin-swiftStdLibTool --copy --verbose --scan-executable /Users/argus/Programming/pdf-reader/.build/xcode-step6-release/Build/Products/Release/PDFReader.app/Contents/MacOS/PDFReader --scan-folder /Users/argus/Programming/pdf-reader/.build/xcode-step6-release/Build/Products/Release/PDFReader.app/Contents/Frameworks --scan-folder /Users/argus/Programming/pdf-reader/.build/xcode-step6-release/Build/Products/Release/PDFReader.app/Contents/PlugIns --scan-folder /Users/argus/Programming/pdf-reader/.build/xcode-step6-release/Build/Products/Release/PDFReader.app/Contents/Library/SystemExtensions --scan-folder /Users/argus/Programming/pdf-reader/.build/xcode-step6-release/Build/Products/Release/PDFReader.app/Contents/Extensions --scan-folder /Users/argus/Programming/pdf-reader/.build/xcode-step6-release/Build/Products/Release/PDFReaderCore.framework --platform macosx --toolchain /Applications/Xcode.app/Contents/Developer/Toolchains/XcodeDefault.xctoolchain --destination /Users/argus/Programming/pdf-reader/.build/xcode-step6-release/Build/Products/Release/PDFReader.app/Contents/Frameworks --strip-bitcode --strip-bitcode-tool /Applications/Xcode.app/Contents/Developer/Toolchains/XcodeDefault.xctoolchain/usr/bin/bitcode_strip --emit-dependency-info /Users/argus/Programming/pdf-reader/.build/xcode-step6-release/Build/Intermediates.noindex/PDFReader.build/Release/PDFReaderApp.build/SwiftStdLibToolInputDependencies.dep --filter-for-swift-os --back-deploy-swift-span
Ignoring --strip-bitcode because --sign was not passed

ProcessInfoPlistFile /Users/argus/Programming/pdf-reader/.build/xcode-step6-release/Build/Products/Release/PDFReader.app/Contents/Info.plist /Users/argus/Programming/pdf-reader/PDFReaderApp/Info.plist (in target 'PDFReaderApp' from project 'PDFReader')
    cd /Users/argus/Programming/pdf-reader
    builtin-infoPlistUtility /Users/argus/Programming/pdf-reader/PDFReaderApp/Info.plist -producttype com.apple.product-type.application -genpkginfo /Users/argus/Programming/pdf-reader/.build/xcode-step6-release/Build/Products/Release/PDFReader.app/Contents/PkgInfo -expandbuildsettings -platform macosx -scanforprivacyfile /Users/argus/Programming/pdf-reader/.build/xcode-step6-release/Build/Products/Release/PDFReader.app/Contents/Frameworks/PDFReaderCore.framework -o /Users/argus/Programming/pdf-reader/.build/xcode-step6-release/Build/Products/Release/PDFReader.app/Contents/Info.plist

** BUILD SUCCEEDED **

