77-/* End PBXFileReference section */
78-
79:/* Begin PBXFileSystemSynchronizedBuildFileExceptionSet section */
80-		0BF5E403C9EB9FB82621255C /* Exceptions for PDFReaderApp */ = {
81:			isa = PBXFileSystemSynchronizedBuildFileExceptionSet;
82-			membershipExceptions = (
83-				Info.plist,
84-			);
85-			target = 7F722F72E711E72F04E27923 /* PDFReaderApp */;
86-		};
87:/* End PBXFileSystemSynchronizedBuildFileExceptionSet section */
88-
89-/* Begin PBXCopyFilesBuildPhase section */
90-		2A8A484AAE77FC2EE7372172 /* Embed Frameworks */ = {
91-			isa = PBXCopyFilesBuildPhase;
92-			buildActionMask = 2147483647;
93-			dstPath = "";
94-			dstSubfolderSpec = 10;
95-			files = (
96-				069F4A77557CBECC25DAEFD9 /* PDFReaderCore.framework in Embed Frameworks */,
97-			);
98-			name = "Embed Frameworks";
99-			runOnlyForDeploymentPostprocessing = 0;
